2026-07-15 10:14:16 [WARNING]  - 5257
2026-07-15 10:14:16 [DEBUG]  - 16434
2026-07-15 10:14:16 [ERROR] Out of memory - 13023
2026-07-15 10:14:16 [INFO]  - 25496
2026-07-15 10:14:16 [WARNING]  - 9675
2026-07-15 10:14:16 [WARNING]  - 16183
2026-07-15 10:14:16 [ERROR] Failed to connect - 5186
2026-07-15 10:14:16 [ERROR] Disk full - 8299
2026-07-15 10:14:16 [WARNING]  - 28638
2026-07-15 10:14:16 [DEBUG]  - 30509
2026-07-15 10:14:16 [WARNING]  - 28725
2026-07-15 10:14:16 [DEBUG]  - 17728
2026-07-15 10:14:16 [ERROR] Invalid input - 7745
2026-07-15 10:14:16 [WARNING]  - 3356
2026-07-15 10:14:16 [DEBUG]  - 13023
2026-07-15 10:14:16 [DEBUG]  - 16906
2026-07-15 10:14:16 [CRITICAL]  - 25530
2026-07-15 10:14:16 [WARNING]  - 26210
2026-07-15 10:14:16 [CRITICAL]  - 2835
2026-07-15 10:14:16 [WARNING]  - 487
2026-07-15 10:14:16 [WARNING]  - 13573
2026-07-15 10:14:16 [INFO]  - 27575
2026-07-15 10:14:16 [INFO]  - 8770
2026-07-15 10:14:16 [CRITICAL]  - 15172
2026-07-15 10:14:16 [ERROR] Disk full - 6251
2026-07-15 10:14:16 [WARNING]  - 26472
2026-07-15 10:14:16 [INFO]  - 21538
2026-07-15 10:14:16 [INFO]  - 13729
2026-07-15 10:14:16 [CRITICAL]  - 16362
2026-07-15 10:14:16 [CRITICAL]  - 31151
2026-07-15 10:14:16 [INFO]  - 31403
2026-07-15 10:14:16 [WARNING]  - 2883
2026-07-15 10:14:16 [INFO]  - 27500
2026-07-15 10:14:16 [WARNING]  - 24233
2026-07-15 10:14:16 [DEBUG]  - 12
2026-07-15 10:14:16 [INFO]  - 7989
2026-07-15 10:14:16 [CRITICAL]  - 8683
2026-07-15 10:14:16 [INFO]  - 6731
2026-07-15 10:14:16 [WARNING]  - 11137
2026-07-15 10:14:16 [CRITICAL]  - 19437
2026-07-15 10:14:16 [CRITICAL]  - 7469
2026-07-15 10:14:16 [DEBUG]  - 26058
2026-07-15 10:14:16 [WARNING]  - 32650
2026-07-15 10:14:16 [INFO]  - 3927
2026-07-15 10:14:16 [ERROR] Failed to connect - 28821
2026-07-15 10:14:16 [ERROR] Out of memory - 20347
2026-07-15 10:14:16 [INFO]  - 826
2026-07-15 10:14:16 [DEBUG]  - 10015
2026-07-15 10:14:16 [INFO]  - 29525
2026-07-15 10:14:16 [ERROR] Segmentation fault - 13983
2026-07-15 10:14:16 [CRITICAL]  - 13574
2026-07-15 10:14:16 [ERROR] Disk full - 6145
2026-07-15 10:14:16 [ERROR] Failed to connect - 7779
2026-07-15 10:14:16 [ERROR] Segmentation fault - 30726
2026-07-15 10:14:16 [ERROR] Failed to connect - 14254
2026-07-15 10:14:16 [WARNING]  - 25319
2026-07-15 10:14:16 [ERROR] Out of memory - 31157
2026-07-15 10:14:16 [DEBUG]  - 3628
2026-07-15 10:14:16 [WARNING]  - 1243
2026-07-15 10:14:16 [INFO]  - 13164
2026-07-15 10:14:16 [CRITICAL]  - 7500
2026-07-15 10:14:16 [DEBUG]  - 11287
2026-07-15 10:14:16 [CRITICAL]  - 16255
2026-07-15 10:14:16 [CRITICAL]  - 15790
2026-07-15 10:14:16 [WARNING]  - 26944
2026-07-15 10:14:16 [INFO]  - 16232
2026-07-15 10:14:16 [CRITICAL]  - 4979
2026-07-15 10:14:16 [ERROR] Failed to connect - 20382
2026-07-15 10:14:16 [ERROR] Disk full - 30468
2026-07-15 10:14:16 [DEBUG]  - 27934
2026-07-15 10:14:16 [DEBUG]  - 6465
2026-07-15 10:14:16 [CRITICAL]  - 25018
2026-07-15 10:14:16 [WARNING]  - 13544
2026-07-15 10:14:16 [DEBUG]  - 21869
2026-07-15 10:14:16 [INFO]  - 13112
2026-07-15 10:14:16 [CRITICAL]  - 28301
2026-07-15 10:14:16 [WARNING]  - 19216
2026-07-15 10:14:16 [ERROR] Invalid input - 28103
2026-07-15 10:14:16 [ERROR] Out of memory - 7370
2026-07-15 10:14:16 [WARNING]  - 10819
2026-07-15 10:14:16 [WARNING]  - 29351
2026-07-15 10:14:16 [INFO]  - 12590
2026-07-15 10:14:16 [ERROR] Invalid input - 15911
2026-07-15 10:14:16 [CRITICAL]  - 2864
2026-07-15 10:14:16 [DEBUG]  - 10598
2026-07-15 10:14:16 [WARNING]  - 4556
2026-07-15 10:14:16 [INFO]  - 21913
2026-07-15 10:14:16 [DEBUG]  - 11001
2026-07-15 10:14:16 [CRITICAL]  - 7435
2026-07-15 10:14:16 [INFO]  - 20888
2026-07-15 10:14:16 [ERROR] Disk full - 21898
2026-07-15 10:14:16 [CRITICAL]  - 13048
2026-07-15 10:14:16 [ERROR] Invalid input - 1780
2026-07-15 10:14:16 [WARNING]  - 28543
2026-07-15 10:14:16 [ERROR] Segmentation fault - 24844
2026-07-15 10:14:16 [ERROR] Out of memory - 16605
2026-07-15 10:14:16 [DEBUG]  - 29827
2026-07-15 10:14:16 [CRITICAL]  - 7707
2026-07-15 10:14:16 [INFO]  - 18737
2026-07-15 10:14:16 [DEBUG]  - 18697
2026-07-15 10:14:16 [DEBUG]  - 917
2026-07-15 10:14:16 [WARNING]  - 3527
2026-07-15 10:14:16 [DEBUG]  - 28003
2026-07-15 10:14:16 [CRITICAL]  - 28667
2026-07-15 10:14:16 [DEBUG]  - 27598
2026-07-15 10:14:16 [CRITICAL]  - 1249
2026-07-15 10:14:16 [WARNING]  - 3674
2026-07-15 10:14:16 [DEBUG]  - 5649
2026-07-15 10:14:16 [ERROR] Invalid input - 22669
2026-07-15 10:14:16 [INFO]  - 1852
2026-07-15 10:14:16 [DEBUG]  - 101
2026-07-15 10:14:16 [WARNING]  - 5216
2026-07-15 10:14:16 [CRITICAL]  - 7159
2026-07-15 10:14:16 [WARNING]  - 11614
2026-07-15 10:14:16 [INFO]  - 11694
2026-07-15 10:14:16 [ERROR] Failed to connect - 17632
2026-07-15 10:14:16 [WARNING]  - 26312
2026-07-15 10:14:16 [ERROR] Invalid input - 5325
2026-07-15 10:14:16 [DEBUG]  - 5320
2026-07-15 10:14:16 [INFO]  - 28895
2026-07-15 10:14:16 [WARNING]  - 29779
2026-07-15 10:14:16 [ERROR] Failed to connect - 15190
2026-07-15 10:14:16 [WARNING]  - 7378
2026-07-15 10:14:16 [ERROR] Out of memory - 31532
2026-07-15 10:14:16 [WARNING]  - 29204
2026-07-15 10:14:16 [ERROR] Segmentation fault - 1045
2026-07-15 10:14:16 [ERROR] Invalid input - 21620
2026-07-15 10:14:16 [INFO]  - 9222
2026-07-15 10:14:16 [WARNING]  - 11190
2026-07-15 10:14:16 [INFO]  - 3071
2026-07-15 10:14:16 [INFO]  - 29226
2026-07-15 10:14:16 [ERROR] Disk full - 5586
2026-07-15 10:14:16 [WARNING]  - 14374
2026-07-15 10:14:16 [CRITICAL]  - 32293
2026-07-15 10:14:16 [CRITICAL]  - 22121
2026-07-15 10:14:16 [CRITICAL]  - 20571
2026-07-15 10:14:16 [WARNING]  - 7738
2026-07-15 10:14:16 [DEBUG]  - 23807
2026-07-15 10:14:16 [INFO]  - 15639
2026-07-15 10:14:16 [DEBUG]  - 23211
2026-07-15 10:14:16 [INFO]  - 2093
2026-07-15 10:14:16 [ERROR] Failed to connect - 1449
2026-07-15 10:14:16 [WARNING]  - 25485
2026-07-15 10:14:16 [WARNING]  - 19197
2026-07-15 10:14:16 [INFO]  - 30780
2026-07-15 10:14:16 [INFO]  - 8754
2026-07-15 10:14:16 [WARNING]  - 2357
2026-07-15 10:14:16 [DEBUG]  - 17912
2026-07-15 10:14:16 [CRITICAL]  - 12123
2026-07-15 10:14:16 [DEBUG]  - 27734
2026-07-15 10:14:16 [WARNING]  - 1759
2026-07-15 10:14:16 [DEBUG]  - 32011
2026-07-15 10:14:16 [CRITICAL]  - 27852
2026-07-15 10:14:16 [DEBUG]  - 11189
2026-07-15 10:14:16 [INFO]  - 19962
2026-07-15 10:14:16 [INFO]  - 7547
2026-07-15 10:14:16 [ERROR] Failed to connect - 16127
2026-07-15 10:14:16 [INFO]  - 15382
2026-07-15 10:14:16 [ERROR] Failed to connect - 1122
2026-07-15 10:14:16 [INFO]  - 20400
2026-07-15 10:14:16 [CRITICAL]  - 32656
2026-07-15 10:14:16 [ERROR] Segmentation fault - 26836
2026-07-15 10:14:16 [WARNING]  - 31735
2026-07-15 10:14:16 [CRITICAL]  - 7211
2026-07-15 10:14:16 [DEBUG]  - 24734
2026-07-15 10:14:16 [ERROR] Disk full - 15965
2026-07-15 10:14:16 [WARNING]  - 4946
2026-07-15 10:14:16 [CRITICAL]  - 25041
2026-07-15 10:14:16 [WARNING]  - 760
2026-07-15 10:14:16 [DEBUG]  - 6745
2026-07-15 10:14:16 [INFO]  - 14588
2026-07-15 10:14:16 [WARNING]  - 23023
2026-07-15 10:14:16 [ERROR] Invalid input - 536
2026-07-15 10:14:16 [CRITICAL]  - 3340
2026-07-15 10:14:16 [ERROR] Failed to connect - 20125
2026-07-15 10:14:16 [CRITICAL]  - 2927
2026-07-15 10:14:16 [ERROR] Out of memory - 30486
2026-07-15 10:14:16 [ERROR] Failed to connect - 13353
2026-07-15 10:14:16 [INFO]  - 16224
2026-07-15 10:14:16 [INFO]  - 11181
2026-07-15 10:14:16 [CRITICAL]  - 22792
2026-07-15 10:14:16 [INFO]  - 31793
2026-07-15 10:14:16 [CRITICAL]  - 9787
2026-07-15 10:14:16 [INFO]  - 15292
2026-07-15 10:14:16 [WARNING]  - 31406
2026-07-15 10:14:16 [INFO]  - 14514
2026-07-15 10:14:16 [DEBUG]  - 1959
2026-07-15 10:14:16 [CRITICAL]  - 3034
2026-07-15 10:14:16 [WARNING]  - 22998
2026-07-15 10:14:16 [CRITICAL]  - 922
2026-07-15 10:14:16 [DEBUG]  - 21069
2026-07-15 10:14:16 [CRITICAL]  - 1465
2026-07-15 10:14:16 [DEBUG]  - 8780
2026-07-15 10:14:16 [CRITICAL]  - 6268
2026-07-15 10:14:16 [ERROR] Failed to connect - 32297
2026-07-15 10:14:16 [INFO]  - 9880
2026-07-15 10:14:16 [ERROR] Failed to connect - 26313
2026-07-15 10:14:16 [ERROR] Failed to connect - 21559
2026-07-15 10:14:16 [WARNING]  - 19874
2026-07-15 10:14:16 [WARNING]  - 29452
